// Vitest Snapshot v1

exports[`Task > renders the task title 1`] = `
VueWrapper {
  "__app": {
    "_component": {
      "name": "VTU_ROOT",
      "render": [Function],
      "setup": [Function],
    },
    "_container": <div
      data-v-app=""
    >
      <div
        title="2/10/2023"
      >
        <div
          class="p-3 mt-4 mb-2 bg-zinc-500 rounded shadow-sm max-w-[280px] flex gap-2 focus:shadow focus:border focus:border-zinc-200 cursor-pointer"
          tabindex="0"
        >
          <icon
            class="drag-handle cursor-move text-white mt-1"
            name="ph:dots-six-vertical"
            weight="bold"
          />
          <span
            class="text-white"
            datatest-id="task-title"
          >
            Test task
          </span>
        </div>
      </div>
    </div>,
    "_context": {
      "app": [Circular],
      "components": {
        "transition": {
          "name": "transition",
        },
        "transition-group": {
          "name": "transition-group",
        },
      },
      "config": {
        "compilerOptions": {},
        "errorHandler": undefined,
        "globalProperties": {},
        "isNativeTag": [Function],
        "optionMergeStrategies": {},
        "performance": false,
        "warnHandler": undefined,
      },
      "directives": {},
      "emitsCache": WeakMap {},
      "mixins": [
        {
          "beforeCreate": [Function],
        },
      ],
      "optionsCache": WeakMap {},
      "propsCache": WeakMap {},
      "provides": {},
      "reload": [Function],
    },
    "_instance": {
      "a": null,
      "accessCache": {},
      "appContext": {
        "app": [Circular],
        "components": {
          "transition": {
            "name": "transition",
          },
          "transition-group": {
            "name": "transition-group",
          },
        },
        "config": {
          "compilerOptions": {},
          "errorHandler": undefined,
          "globalProperties": {},
          "isNativeTag": [Function],
          "optionMergeStrategies": {},
          "performance": false,
          "warnHandler": undefined,
        },
        "directives": {},
        "emitsCache": WeakMap {},
        "mixins": [
          {
            "beforeCreate": [Function],
          },
        ],
        "optionsCache": WeakMap {},
        "propsCache": WeakMap {},
        "provides": {},
        "reload": [Function],
      },
      "asyncDep": null,
      "asyncResolved": false,
      "attrs": {},
      "bc": null,
      "bm": null,
      "bu": null,
      "bum": null,
      "c": null,
      "components": null,
      "ctx": {
        "VTU_COMPONENT": {},
      },
      "da": null,
      "data": {},
      "devtoolsRawSetupState": {
        "VTU_COMPONENT": RefImpl {
          "__v_isRef": true,
          "__v_isShallow": false,
          "_rawValue": {},
          "_value": {},
          "dep": undefined,
        },
      },
      "directives": null,
      "ec": null,
      "effect": ReactiveEffect {
        "active": true,
        "allowRecurse": true,
        "deps": [
          Set {
            [Circular],
          },
          Set {
            [Circular],
          },
          Set {
            [Circular],
          },
          Set {
            [Circular],
          },
        ],
        "fn": [Function],
        "onTrack": undefined,
        "onTrigger": undefined,
        "parent": undefined,
        "scheduler": [Function],
      },
      "emit": [Function],
      "emitsOptions": null,
      "emitted": null,
      "exposeProxy": null,
      "exposed": null,
      "inheritAttrs": undefined,
      "isDeactivated": false,
      "isMounted": true,
      "isUnmounted": false,
      "m": null,
      "next": null,
      "parent": null,
      "props": {},
      "propsDefaults": {},
      "propsOptions": [
        {},
        [],
      ],
      "provides": {},
      "proxy": {
        "VTU_COMPONENT": {},
      },
      "refs": {
        "VTU_COMPONENT": {},
      },
      "render": [Function],
      "renderCache": [],
      "root": [Circular],
      "rtc": null,
      "rtg": null,
      "scope": EffectScope {
        "_active": true,
        "cleanups": [],
        "detached": true,
        "effects": [
          ReactiveEffect {
            "active": true,
            "allowRecurse": true,
            "deps": [
              Set {
                [Circular],
              },
              Set {
                [Circular],
              },
              Set {
                [Circular],
              },
              Set {
                [Circular],
              },
            ],
            "fn": [Function],
            "onTrack": undefined,
            "onTrigger": undefined,
            "parent": undefined,
            "scheduler": [Function],
          },
        ],
        "parent": undefined,
      },
      "setupContext": null,
      "setupState": {
        "VTU_COMPONENT": {},
      },
      "slots": {},
      "sp": null,
      "subTree": {
        "__v_isVNode": true,
        "__v_skip": true,
        "anchor": null,
        "appContext": null,
        "children": null,
        "component": {
          "a": null,
          "accessCache": {},
          "appContext": {
            "app": [Circular],
            "components": {
              "transition": {
                "name": "transition",
              },
              "transition-group": {
                "name": "transition-group",
              },
            },
            "config": {
              "compilerOptions": {},
              "errorHandler": undefined,
              "globalProperties": {},
              "isNativeTag": [Function],
              "optionMergeStrategies": {},
              "performance": false,
              "warnHandler": undefined,
            },
            "directives": {},
            "emitsCache": WeakMap {},
            "mixins": [
              {
                "beforeCreate": [Function],
              },
            ],
            "optionsCache": WeakMap {},
            "propsCache": WeakMap {},
            "provides": {},
            "reload": [Function],
          },
          "asyncDep": null,
          "asyncResolved": false,
          "attrs": {},
          "bc": null,
          "bm": null,
          "bu": null,
          "bum": null,
          "c": null,
          "components": {
            "DragHandle": {
              "__file": "/Users/gabrielcaiana/www/Frontend/vue3/vue-trello-drag-and-drop/components/DragHandle/index.vue",
              "render": [Function],
            },
          },
          "ctx": {
            "task": {
              "createdAt": 2023-02-11T02:16:38.724Z,
              "id": "T69ql3P7knPu0ypIYIgl6",
              "title": "Test task",
            },
          },
          "da": null,
          "data": {},
          "devtoolsRawSetupState": {
            "emit": [Function],
            "focused": RefImpl {
              "__v_isRef": true,
              "__v_isShallow": false,
              "_rawValue": false,
              "_value": false,
              "dep": undefined,
            },
            "props": {
              "task": {
                "createdAt": 2023-02-11T02:16:38.724Z,
                "id": "T69ql3P7knPu0ypIYIgl6",
                "title": "Test task",
              },
            },
          },
          "directives": null,
          "ec": null,
          "effect": ReactiveEffect {
            "active": true,
            "allowRecurse": true,
            "deps": [
              Set {
                [Circular],
              },
              Set {
                [Circular],
              },
              Set {
                [Circular],
              },
            ],
            "fn": [Function],
            "onTrack": undefined,
            "onTrigger": undefined,
            "parent": undefined,
            "scheduler": [Function],
          },
          "emit": [Function],
          "emitsOptions": {
            "delete": null,
          },
          "emitted": null,
          "exposeProxy": {},
          "exposed": {},
          "inheritAttrs": undefined,
          "isDeactivated": false,
          "isMounted": true,
          "isUnmounted": false,
          "m": null,
          "next": null,
          "parent": [Circular],
          "props": {
            "task": {
              "createdAt": 2023-02-11T02:16:38.724Z,
              "id": "T69ql3P7knPu0ypIYIgl6",
              "title": "Test task",
            },
          },
          "propsDefaults": {},
          "propsOptions": [
            {
              "task": {
                "0": false,
                "1": true,
                "required": true,
                "type": null,
              },
            },
            [],
          ],
          "provides": {},
          "proxy": {
            "task": {
              "createdAt": 2023-02-11T02:16:38.724Z,
              "id": "T69ql3P7knPu0ypIYIgl6",
              "title": "Test task",
            },
          },
          "refs": {},
          "render": [Function],
          "renderCache": [
            [Function],
            [Function],
          ],
          "root": [Circular],
          "rtc": null,
          "rtg": null,
          "scope": EffectScope {
            "_active": true,
            "cleanups": [
              [Function],
            ],
            "detached": true,
            "effects": [
              ReactiveEffect {
                "active": true,
                "deps": [],
                "fn": [Function],
                "onTrack": undefined,
                "onTrigger": undefined,
                "parent": undefined,
                "scheduler": [Function],
              },
              ReactiveEffect {
                "active": true,
                "allowRecurse": true,
                "deps": [
                  Set {
                    [Circular],
                  },
                  Set {
                    [Circular],
                  },
                  Set {
                    [Circular],
                  },
                ],
                "fn": [Function],
                "onTrack": undefined,
                "onTrigger": undefined,
                "parent": undefined,
                "scheduler": [Function],
              },
            ],
            "parent": undefined,
          },
          "setupContext": {
            "attrs": {},
            "emit": [Function],
            "expose": [Function],
            "slots": {},
          },
          "setupState": {
            "emit": [Function],
            "focused": false,
            "props": {
              "task": {
                "createdAt": 2023-02-11T02:16:38.724Z,
                "id": "T69ql3P7knPu0ypIYIgl6",
                "title": "Test task",
              },
            },
          },
          "slots": {},
          "sp": null,
          "subTree": {
            "__v_isVNode": true,
            "__v_skip": true,
            "anchor": null,
            "appContext": null,
            "children": [
              {
                "__v_isVNode": true,
                "__v_skip": true,
                "anchor": null,
                "appContext": null,
                "children": [
                  {
                    "__v_isVNode": true,
                    "__v_skip": true,
                    "anchor": null,
                    "appContext": null,
                    "children": null,
                    "component": {
                      "a": null,
                      "accessCache": {},
                      "appContext": {
                        "app": [Circular],
                        "components": {
                          "transition": {
                            "name": "transition",
                          },
                          "transition-group": {
                            "name": "transition-group",
                          },
                        },
                        "config": {
                          "compilerOptions": {},
                          "errorHandler": undefined,
                          "globalProperties": {},
                          "isNativeTag": [Function],
                          "optionMergeStrategies": {},
                          "performance": false,
                          "warnHandler": undefined,
                        },
                        "directives": {},
                        "emitsCache": WeakMap {},
                        "mixins": [
                          {
                            "beforeCreate": [Function],
                          },
                        ],
                        "optionsCache": WeakMap {},
                        "propsCache": WeakMap {},
                        "provides": {},
                        "reload": [Function],
                      },
                      "asyncDep": null,
                      "asyncResolved": false,
                      "attrs": {
                        "class": "mt-1",
                      },
                      "bc": null,
                      "bm": null,
                      "bu": null,
                      "bum": null,
                      "c": null,
                      "components": null,
                      "ctx": {},
                      "da": null,
                      "data": {},
                      "directives": null,
                      "ec": null,
                      "effect": ReactiveEffect {
                        "active": true,
                        "allowRecurse": true,
                        "deps": [],
                        "fn": [Function],
                        "onTrack": undefined,
                        "onTrigger": undefined,
                        "parent": undefined,
                        "scheduler": [Function],
                      },
                      "emit": [Function],
                      "emitsOptions": null,
                      "emitted": null,
                      "exposeProxy": null,
                      "exposed": null,
                      "inheritAttrs": undefined,
                      "isDeactivated": false,
                      "isMounted": true,
                      "isUnmounted": false,
                      "m": null,
                      "next": null,
                      "parent": [Circular],
                      "props": {},
                      "propsDefaults": {},
                      "propsOptions": [
                        {},
                        [],
                      ],
                      "provides": {},
                      "proxy": {},
                      "refs": {},
                      "render": [Function],
                      "renderCache": [],
                      "root": [Circular],
                      "rtc": null,
                      "rtg": null,
                      "scope": EffectScope {
                        "_active": true,
                        "cleanups": [],
                        "detached": true,
                        "effects": [
                          ReactiveEffect {
                            "active": true,
                            "allowRecurse": true,
                            "deps": [],
                            "fn": [Function],
                            "onTrack": undefined,
                            "onTrigger": undefined,
                            "parent": undefined,
                            "scheduler": [Function],
                          },
                        ],
                        "parent": undefined,
                      },
                      "setupContext": null,
                      "setupState": {},
                      "slots": {},
                      "sp": null,
                      "subTree": {
                        "__v_isVNode": true,
                        "__v_skip": true,
                        "anchor": null,
                        "appContext": null,
                        "ce": undefined,
                        "children": null,
                        "component": null,
                        "ctx": [Circular],
                        "dirs": null,
                        "dynamicChildren": [],
                        "dynamicProps": null,
                        "el": <icon
                          class="drag-handle cursor-move text-white mt-1"
                          name="ph:dots-six-vertical"
                          weight="bold"
                        />,
                        "key": null,
                        "patchFlag": 16,
                        "props": {
                          "class": "drag-handle cursor-move text-white mt-1",
                          "name": "ph:dots-six-vertical",
                          "weight": "bold",
                        },
                        "ref": null,
                        "scopeId": null,
                        "shapeFlag": 1,
                        "slotScopeIds": null,
                        "ssContent": null,
                        "ssFallback": null,
                        "staticCount": 0,
                        "suspense": null,
                        "target": null,
                        "targetAnchor": null,
                        "transition": null,
                        "type": "Icon",
                      },
                      "suspense": null,
                      "suspenseId": 0,
                      "type": {
                        "__file": "/Users/gabrielcaiana/www/Frontend/vue3/vue-trello-drag-and-drop/components/DragHandle/index.vue",
                        "render": [Function],
                      },
                      "u": null,
                      "uid": 2,
                      "um": null,
                      "update": [Function],
                      "vnode": [Circular],
                      "withProxy": null,
                    },
                    "ctx": [Circular],
                    "dirs": null,
                    "dynamicChildren": null,
                    "dynamicProps": null,
                    "el": <icon
                      class="drag-handle cursor-move text-white mt-1"
                      name="ph:dots-six-vertical"
                      weight="bold"
                    />,
                    "key": null,
                    "patchFlag": 0,
                    "props": {
                      "class": "mt-1",
                    },
                    "ref": null,
                    "scopeId": null,
                    "shapeFlag": 4,
                    "slotScopeIds": null,
                    "ssContent": null,
                    "ssFallback": null,
                    "staticCount": 0,
                    "suspense": null,
                    "target": null,
                    "targetAnchor": null,
                    "transition": null,
                    "type": {
                      "__file": "/Users/gabrielcaiana/www/Frontend/vue3/vue-trello-drag-and-drop/components/DragHandle/index.vue",
                      "render": [Function],
                    },
                  },
                  {
                    "__v_isVNode": true,
                    "__v_skip": true,
                    "anchor": null,
                    "appContext": null,
                    "children": "Test task",
                    "component": null,
                    "ctx": [Circular],
                    "dirs": null,
                    "dynamicChildren": null,
                    "dynamicProps": null,
                    "el": <span
                      class="text-white"
                      datatest-id="task-title"
                    >
                      Test task
                    </span>,
                    "key": null,
                    "patchFlag": 1,
                    "props": {
                      "class": "text-white",
                      "datatest-id": "task-title",
                    },
                    "ref": null,
                    "scopeId": null,
                    "shapeFlag": 9,
                    "slotScopeIds": null,
                    "ssContent": null,
                    "ssFallback": null,
                    "staticCount": 0,
                    "suspense": null,
                    "target": null,
                    "targetAnchor": null,
                    "transition": null,
                    "type": "span",
                  },
                ],
                "component": null,
                "ctx": [Circular],
                "dirs": null,
                "dynamicChildren": null,
                "dynamicProps": null,
                "el": <div
                  class="p-3 mt-4 mb-2 bg-zinc-500 rounded shadow-sm max-w-[280px] flex gap-2 focus:shadow focus:border focus:border-zinc-200 cursor-pointer"
                  tabindex="0"
                >
                  <icon
                    class="drag-handle cursor-move text-white mt-1"
                    name="ph:dots-six-vertical"
                    weight="bold"
                  />
                  <span
                    class="text-white"
                    datatest-id="task-title"
                  >
                    Test task
                  </span>
                </div>,
                "key": null,
                "patchFlag": 32,
                "props": {
                  "class": "p-3 mt-4 mb-2 bg-zinc-500 rounded shadow-sm max-w-[280px] flex gap-2 focus:shadow focus:border focus:border-zinc-200 cursor-pointer",
                  "onBlur": [Function],
                  "onFocus": [Function],
                  "tabindex": "0",
                },
                "ref": null,
                "scopeId": null,
                "shapeFlag": 17,
                "slotScopeIds": null,
                "ssContent": null,
                "ssFallback": null,
                "staticCount": 0,
                "suspense": null,
                "target": null,
                "targetAnchor": null,
                "transition": null,
                "type": "div",
              },
            ],
            "component": null,
            "ctx": [Circular],
            "dirs": null,
            "dynamicChildren": [
              {
                "__v_isVNode": true,
                "__v_skip": true,
                "anchor": null,
                "appContext": null,
                "children": null,
                "component": {
                  "a": null,
                  "accessCache": {
                    "@@__IMMUTABLE_ITERABLE__@@": 0,
                    "@@__IMMUTABLE_RECORD__@@": 0,
                    "_isMockFunction": 0,
                    "constructor": 0,
                    "toJSON": 0,
                    Symbol(Symbol.toStringTag): 0,
                  },
                  "appContext": {
                    "app": [Circular],
                    "components": {
                      "transition": {
                        "name": "transition",
                      },
                      "transition-group": {
                        "name": "transition-group",
                      },
                    },
                    "config": {
                      "compilerOptions": {},
                      "errorHandler": undefined,
                      "globalProperties": {},
                      "isNativeTag": [Function],
                      "optionMergeStrategies": {},
                      "performance": false,
                      "warnHandler": undefined,
                    },
                    "directives": {},
                    "emitsCache": WeakMap {},
                    "mixins": [
                      {
                        "beforeCreate": [Function],
                      },
                    ],
                    "optionsCache": WeakMap {},
                    "propsCache": WeakMap {},
                    "provides": {},
                    "reload": [Function],
                  },
                  "asyncDep": null,
                  "asyncResolved": false,
                  "attrs": {
                    "class": "mt-1",
                  },
                  "bc": null,
                  "bm": null,
                  "bu": null,
                  "bum": null,
                  "c": null,
                  "components": null,
                  "ctx": {},
                  "da": null,
                  "data": {},
                  "directives": null,
                  "ec": null,
                  "effect": ReactiveEffect {
                    "active": true,
                    "allowRecurse": true,
                    "deps": [],
                    "fn": [Function],
                    "onTrack": undefined,
                    "onTrigger": undefined,
                    "parent": undefined,
                    "scheduler": [Function],
                  },
                  "emit": [Function],
                  "emitsOptions": null,
                  "emitted": null,
                  "exposeProxy": null,
                  "exposed": null,
                  "inheritAttrs": undefined,
                  "isDeactivated": false,
                  "isMounted": true,
                  "isUnmounted": false,
                  "m": null,
                  "next": null,
                  "parent": [Circular],
                  "props": {},
                  "propsDefaults": {},
                  "propsOptions": [
                    {},
                    [],
                  ],
                  "provides": {},
                  "proxy": {},
                  "refs": {},
                  "render": [Function],
                  "renderCache": [],
                  "root": [Circular],
                  "rtc": null,
                  "rtg": null,
                  "scope": EffectScope {
                    "_active": true,
                    "cleanups": [],
                    "detached": true,
                    "effects": [
                      ReactiveEffect {
                        "active": true,
                        "allowRecurse": true,
                        "deps": [],
                        "fn": [Function],
                        "onTrack": undefined,
                        "onTrigger": undefined,
                        "parent": undefined,
                        "scheduler": [Function],
                      },
                    ],
                    "parent": undefined,
                  },
                  "setupContext": null,
                  "setupState": {},
                  "slots": {},
                  "sp": null,
                  "subTree": {
                    "__v_isVNode": true,
                    "__v_skip": true,
                    "anchor": null,
                    "appContext": null,
                    "ce": undefined,
                    "children": null,
                    "component": null,
                    "ctx": [Circular],
                    "dirs": null,
                    "dynamicChildren": [],
                    "dynamicProps": null,
                    "el": <icon
                      class="drag-handle cursor-move text-white mt-1"
                      name="ph:dots-six-vertical"
                      weight="bold"
                    />,
                    "key": null,
                    "patchFlag": 16,
                    "props": {
                      "class": "drag-handle cursor-move text-white mt-1",
                      "name": "ph:dots-six-vertical",
                      "weight": "bold",
                    },
                    "ref": null,
                    "scopeId": null,
                    "shapeFlag": 1,
                    "slotScopeIds": null,
                    "ssContent": null,
                    "ssFallback": null,
                    "staticCount": 0,
                    "suspense": null,
                    "target": null,
                    "targetAnchor": null,
                    "transition": null,
                    "type": "Icon",
                  },
                  "suspense": null,
                  "suspenseId": 0,
                  "type": {
                    "__file": "/Users/gabrielcaiana/www/Frontend/vue3/vue-trello-drag-and-drop/components/DragHandle/index.vue",
                    "render": [Function],
                  },
                  "u": null,
                  "uid": 2,
                  "um": null,
                  "update": [Function],
                  "vnode": [Circular],
                  "withProxy": null,
                },
                "ctx": [Circular],
                "dirs": null,
                "dynamicChildren": null,
                "dynamicProps": null,
                "el": <icon
                  class="drag-handle cursor-move text-white mt-1"
                  name="ph:dots-six-vertical"
                  weight="bold"
                />,
                "key": null,
                "patchFlag": 0,
                "props": {
                  "class": "mt-1",
                },
                "ref": null,
                "scopeId": null,
                "shapeFlag": 4,
                "slotScopeIds": null,
                "ssContent": null,
                "ssFallback": null,
                "staticCount": 0,
                "suspense": null,
                "target": null,
                "targetAnchor": null,
                "transition": null,
                "type": {
                  "__file": "/Users/gabrielcaiana/www/Frontend/vue3/vue-trello-drag-and-drop/components/DragHandle/index.vue",
                  "render": [Function],
                },
              },
              {
                "__v_isVNode": true,
                "__v_skip": true,
                "anchor": null,
                "appContext": null,
                "children": "Test task",
                "component": null,
                "ctx": [Circular],
                "dirs": null,
                "dynamicChildren": null,
                "dynamicProps": null,
                "el": <span
                  class="text-white"
                  datatest-id="task-title"
                >
                  Test task
                </span>,
                "key": null,
                "patchFlag": 1,
                "props": {
                  "class": "text-white",
                  "datatest-id": "task-title",
                },
                "ref": null,
                "scopeId": null,
                "shapeFlag": 9,
                "slotScopeIds": null,
                "ssContent": null,
                "ssFallback": null,
                "staticCount": 0,
                "suspense": null,
                "target": null,
                "targetAnchor": null,
                "transition": null,
                "type": "span",
              },
            ],
            "dynamicProps": [
              "title",
            ],
            "el": <div
              title="2/10/2023"
            >
              <div
                class="p-3 mt-4 mb-2 bg-zinc-500 rounded shadow-sm max-w-[280px] flex gap-2 focus:shadow focus:border focus:border-zinc-200 cursor-pointer"
                tabindex="0"
              >
                <icon
                  class="drag-handle cursor-move text-white mt-1"
                  name="ph:dots-six-vertical"
                  weight="bold"
                />
                <span
                  class="text-white"
                  datatest-id="task-title"
                >
                  Test task
                </span>
              </div>
            </div>,
            "key": null,
            "patchFlag": 8,
            "props": {
              "title": "2/10/2023",
            },
            "ref": null,
            "scopeId": null,
            "shapeFlag": 17,
            "slotScopeIds": null,
            "ssContent": null,
            "ssFallback": null,
            "staticCount": 0,
            "suspense": null,
            "target": null,
            "targetAnchor": null,
            "transition": null,
            "type": "div",
          },
          "suspense": null,
          "suspenseId": 0,
          "type": {
            "__file": "/Users/gabrielcaiana/www/Frontend/vue3/vue-trello-drag-and-drop/components/Task/index.vue",
            "__name": "index",
            "components": {
              "DragHandle": {
                "__file": "/Users/gabrielcaiana/www/Frontend/vue3/vue-trello-drag-and-drop/components/DragHandle/index.vue",
                "render": [Function],
              },
            },
            "emits": [
              "delete",
            ],
            "props": {
              "task": {
                "required": true,
                "type": null,
              },
            },
            "propsData": {
              "task": {
                "createdAt": 2023-02-11T02:16:38.724Z,
                "id": "T69ql3P7knPu0ypIYIgl6",
                "title": "Test task",
              },
            },
            "render": [Function],
            "setup": [Function],
          },
          "u": null,
          "uid": 1,
          "um": null,
          "update": [Function],
          "vnode": [Circular],
          "withProxy": null,
        },
        "ctx": [Circular],
        "dirs": null,
        "dynamicChildren": null,
        "dynamicProps": null,
        "el": <div
          title="2/10/2023"
        >
          <div
            class="p-3 mt-4 mb-2 bg-zinc-500 rounded shadow-sm max-w-[280px] flex gap-2 focus:shadow focus:border focus:border-zinc-200 cursor-pointer"
            tabindex="0"
          >
            <icon
              class="drag-handle cursor-move text-white mt-1"
              name="ph:dots-six-vertical"
              weight="bold"
            />
            <span
              class="text-white"
              datatest-id="task-title"
            >
              Test task
            </span>
          </div>
        </div>,
        "key": null,
        "patchFlag": 0,
        "props": {
          "ref": "VTU_COMPONENT",
          "task": {
            "createdAt": 2023-02-11T02:16:38.724Z,
            "id": "T69ql3P7knPu0ypIYIgl6",
            "title": "Test task",
          },
        },
        "ref": {
          "f": false,
          "i": [Circular],
          "k": undefined,
          "r": "VTU_COMPONENT",
        },
        "scopeId": null,
        "shapeFlag": 4,
        "slotScopeIds": null,
        "ssContent": null,
        "ssFallback": null,
        "staticCount": 0,
        "suspense": null,
        "target": null,
        "targetAnchor": null,
        "transition": null,
        "type": {
          "__file": "/Users/gabrielcaiana/www/Frontend/vue3/vue-trello-drag-and-drop/components/Task/index.vue",
          "__name": "index",
          "components": {
            "DragHandle": {
              "__file": "/Users/gabrielcaiana/www/Frontend/vue3/vue-trello-drag-and-drop/components/DragHandle/index.vue",
              "render": [Function],
            },
          },
          "emits": [
            "delete",
          ],
          "props": {
            "task": {
              "required": true,
              "type": null,
            },
          },
          "propsData": {
            "task": {
              "createdAt": 2023-02-11T02:16:38.724Z,
              "id": "T69ql3P7knPu0ypIYIgl6",
              "title": "Test task",
            },
          },
          "render": [Function],
          "setup": [Function],
        },
      },
      "suspense": null,
      "suspenseId": 0,
      "type": {
        "name": "VTU_ROOT",
        "render": [Function],
        "setup": [Function],
      },
      "u": null,
      "uid": 0,
      "um": null,
      "update": [Function],
      "vnode": {
        "__v_isVNode": true,
        "__v_skip": true,
        "anchor": null,
        "appContext": {
          "app": [Circular],
          "components": {
            "transition": {
              "name": "transition",
            },
            "transition-group": {
              "name": "transition-group",
            },
          },
          "config": {
            "compilerOptions": {},
            "errorHandler": undefined,
            "globalProperties": {},
            "isNativeTag": [Function],
            "optionMergeStrategies": {},
            "performance": false,
            "warnHandler": undefined,
          },
          "directives": {},
          "emitsCache": WeakMap {},
          "mixins": [
            {
              "beforeCreate": [Function],
            },
          ],
          "optionsCache": WeakMap {},
          "propsCache": WeakMap {},
          "provides": {},
          "reload": [Function],
        },
        "children": null,
        "component": [Circular],
        "ctx": null,
        "dirs": null,
        "dynamicChildren": null,
        "dynamicProps": null,
        "el": <div
          title="2/10/2023"
        >
          <div
            class="p-3 mt-4 mb-2 bg-zinc-500 rounded shadow-sm max-w-[280px] flex gap-2 focus:shadow focus:border focus:border-zinc-200 cursor-pointer"
            tabindex="0"
          >
            <icon
              class="drag-handle cursor-move text-white mt-1"
              name="ph:dots-six-vertical"
              weight="bold"
            />
            <span
              class="text-white"
              datatest-id="task-title"
            >
              Test task
            </span>
          </div>
        </div>,
        "key": null,
        "patchFlag": 0,
        "props": null,
        "ref": null,
        "scopeId": null,
        "shapeFlag": 4,
        "slotScopeIds": null,
        "ssContent": null,
        "ssFallback": null,
        "staticCount": 0,
        "suspense": null,
        "target": null,
        "targetAnchor": null,
        "transition": null,
        "type": {
          "name": "VTU_ROOT",
          "render": [Function],
          "setup": [Function],
        },
      },
      "withProxy": null,
    },
    "_props": null,
    "_uid": 0,
    "component": [Function],
    "config": {
      "compilerOptions": {},
      "errorHandler": undefined,
      "globalProperties": {},
      "isNativeTag": [Function],
      "optionMergeStrategies": {},
      "performance": false,
      "warnHandler": undefined,
    },
    "directive": [Function],
    "mixin": [Function],
    "mount": [Function],
    "provide": [Function],
    "unmount": [Function],
    "use": [Function],
    "version": "3.2.47",
  },
  "__setProps": [Function],
  "cleanUpCallbacks": [
    [Function],
    [Function],
    [Function],
    [Function],
    [Function],
    [Function],
    [Function],
    [Function],
    [Function],
    [Function],
    [Function],
    [Function],
    [Function],
    [Function],
    [Function],
    [Function],
    [Function],
    [Function],
    [Function],
    [Function],
    [Function],
    [Function],
    [Function],
    [Function],
    [Function],
    [Function],
    [Function],
    [Function],
    [Function],
    [Function],
    [Function],
    [Function],
    [Function],
    [Function],
    [Function],
    [Function],
    [Function],
    [Function],
    [Function],
    [Function],
    [Function],
    [Function],
    [Function],
    [Function],
    [Function],
    [Function],
    [Function],
    [Function],
    [Function],
    [Function],
    [Function],
    [Function],
    [Function],
    [Function],
    [Function],
    [Function],
    [Function],
    [Function],
    [Function],
    [Function],
    [Function],
    [Function],
    [Function],
    [Function],
    [Function],
    [Function],
    [Function],
    [Function],
    [Function],
    [Function],
    [Function],
    [Function],
    [Function],
    [Function],
    [Function],
    [Function],
    [Function],
    [Function],
    [Function],
    [Function],
    [Function],
    [Function],
    [Function],
    [Function],
    [Function],
    [Function],
    [Function],
    [Function],
    [Function],
    [Function],
    [Function],
    [Function],
    [Function],
    [Function],
    [Function],
    [Function],
    [Function],
    [Function],
    [Function],
    [Function],
    [Function],
    [Function],
    [Function],
    [Function],
    [Function],
    [Function],
    [Function],
    [Function],
    [Function],
    [Function],
    [Function],
    [Function],
    [Function],
    [Function],
    [Function],
    [Function],
    [Function],
    [Function],
    [Function],
    [Function],
    [Function],
    [Function],
    [Function],
    [Function],
    [Function],
    [Function],
    [Function],
    [Function],
    [Function],
    [Function],
    [Function],
    [Function],
    [Function],
    [Function],
    [Function],
    [Function],
    [Function],
    [Function],
    [Function],
    [Function],
    [Function],
    [Function],
    [Function],
    [Function],
    [Function],
    [Function],
    [Function],
    [Function],
    [Function],
    [Function],
    [Function],
    [Function],
    [Function],
    [Function],
    [Function],
    [Function],
    [Function],
    [Function],
    [Function],
    [Function],
    [Function],
    [Function],
    [Function],
    [Function],
    [Function],
    [Function],
    [Function],
    [Function],
    [Function],
    [Function],
    [Function],
    [Function],
  ],
  "componentVM": {},
  "isDisabled": [Function],
  "rootVM": {
    "VTU_COMPONENT": {},
  },
  "wrapperElement": <div
    title="2/10/2023"
  >
    <div
      class="p-3 mt-4 mb-2 bg-zinc-500 rounded shadow-sm max-w-[280px] flex gap-2 focus:shadow focus:border focus:border-zinc-200 cursor-pointer"
      tabindex="0"
    >
      <icon
        class="drag-handle cursor-move text-white mt-1"
        name="ph:dots-six-vertical"
        weight="bold"
      />
      <span
        class="text-white"
        datatest-id="task-title"
      >
        Test task
      </span>
    </div>
  </div>,
}
`;
